============================= test session starts =============================
platform win32 -- Python 3.12.9, pytest-8.1.1, pluggy-1.6.0 -- C:\Users\soory\AppData\Local\Programs\Python\Python312\python.exe
cachedir: .pytest_cache
rootdir: c:\CyberGuard_AI\cyberguard\backend
configfile: pytest.ini
plugins: anyio-4.12.1, asyncio-0.23.6, cov-4.1.0
asyncio: mode=Mode.STRICT
collecting ... collected 457 items

tests/core/test_rbac.py::TestRoleHierarchy::test_role_hierarchy_order PASSED [  0%]
tests/core/test_rbac.py::TestRoleHierarchy::test_read_only_is_lowest PASSED [  0%]
tests/core/test_rbac.py::TestRoleHierarchy::test_super_admin_is_highest PASSED [  0%]
tests/core/test_rbac.py::TestGetRoleLevel::test_get_role_level_read_only PASSED [  0%]
tests/core/test_rbac.py::TestGetRoleLevel::test_get_role_level_security_analyst PASSED [  1%]
tests/core/test_rbac.py::TestGetRoleLevel::test_get_role_level_org_admin PASSED [  1%]
tests/core/test_rbac.py::TestGetRoleLevel::test_get_role_level_super_admin PASSED [  1%]
tests/core/test_rbac.py::TestGetRoleLevel::test_role_levels_are_ascending PASSED [  1%]
tests/core/test_rbac.py::TestHasRoleOrHigher::test_read_only_has_read_only PASSED [  1%]
tests/core/test_rbac.py::TestHasRoleOrHigher::test_analyst_has_read_only PASSED [  2%]
tests/core/test_rbac.py::TestHasRoleOrHigher::test_org_admin_has_analyst PASSED [  2%]
tests/core/test_rbac.py::TestHasRoleOrHigher::test_super_admin_has_all PASSED [  2%]
tests/core/test_rbac.py::TestHasRoleOrHigher::test_read_only_does_not_have_analyst PASSED [  2%]
tests/core/test_rbac.py::TestHasRoleOrHigher::test_analyst_does_not_have_org_admin PASSED [  3%]
tests/core/test_rbac.py::TestHasRoleOrHigher::test_org_admin_does_not_have_super_admin PASSED [  3%]
tests/core/test_rbac.py::TestRequireRole::test_require_role_allows_correct_role PASSED [  3%]
tests/core/test_rbac.py::TestRequireRole::test_require_role_denies_wrong_role PASSED [  3%]
tests/core/test_rbac.py::TestRequireRole::test_require_role_super_admin_allowed PASSED [  3%]
tests/core/test_rbac.py::TestRequireSuperAdmin::test_super_admin_can_access_dashboard PASSED [  4%]
tests/core/test_rbac.py::TestRequireSuperAdmin::test_org_admin_cannot_access_dashboard PASSED [  4%]
tests/core/test_rbac.py::TestRequireSuperAdmin::test_analyst_cannot_access_dashboard PASSED [  4%]
tests/core/test_rbac.py::TestRequireSuperAdmin::test_read_only_cannot_access_dashboard PASSED [  4%]
tests/core/test_rbac.py::TestRequireSuperAdmin::test_unauthenticated_cannot_access_dashboard PASSED [  5%]
tests/core/test_rbac.py::TestRequireOrgAdmin::test_super_admin_has_org_admin_privileges PASSED [  5%]
tests/core/test_rbac.py::TestRoleBasedUserListing::test_super_admin_can_list_users PASSED [  5%]
tests/core/test_rbac.py::TestRoleBasedUserListing::test_regular_user_cannot_list_users PASSED [  5%]
tests/core/test_rbac.py::TestRoleBasedUserListing::test_org_admin_cannot_list_users PASSED [  5%]
tests/core/test_rbac.py::TestRoleBasedUserUpdate::test_super_admin_can_update_user PASSED [  6%]
tests/core/test_rbac.py::TestRoleBasedUserUpdate::test_regular_user_cannot_update_user PASSED [  6%]
tests/core/test_rbac.py::TestRoleBasedUnlock::test_super_admin_can_unlock_user PASSED [  6%]
tests/core/test_rbac.py::TestRoleBasedUnlock::test_regular_user_cannot_unlock_user PASSED [  6%]
tests/core/test_rbac.py::TestRoleEnumValues::test_role_values_are_strings PASSED [  7%]
tests/core/test_rbac.py::TestRoleEnumValues::test_role_enum_is_string_enum PASSED [  7%]
tests/core/test_rbac.py::TestRoleEnumValues::test_all_roles_exist PASSED [  7%]
tests/core/test_tenant_query.py::TestTenantQueryFilterByTenant::test_filter_by_tenant_filters_for_regular_user PASSED [  7%]
tests/core/test_tenant_query.py::TestTenantQueryFilterByTenant::test_filter_by_tenant_shows_all_for_super_admin PASSED [  7%]
tests/core/test_tenant_query.py::TestTenantQueryFilterByTenant::test_filter_by_tenant_excludes_other_tenant_data PASSED [  8%]
tests/core/test_tenant_query.py::TestTenantQueryFilterByTenantId::test_filter_by_tenant_id_own_tenant_success PASSED [  8%]
tests/core/test_tenant_query.py::TestTenantQueryFilterByTenantId::test_filter_by_tenant_id_other_tenant_raises_error PASSED [  8%]
tests/core/test_tenant_query.py::TestTenantQueryFilterByTenantId::test_filter_by_tenant_id_super_admin_can_filter_any PASSED [  8%]
tests/core/test_tenant_query.py::TestTenantQueryGetById::test_get_by_id_own_tenant_resource_success PASSED [  8%]
tests/core/test_tenant_query.py::TestTenantQueryGetById::test_get_by_id_nonexistent_resource_returns_none PASSED [  9%]
tests/core/test_tenant_query.py::TestTenantQueryGetById::test_get_by_id_other_tenant_resource_raises_error PASSED [  9%]
tests/core/test_tenant_query.py::TestTenantQueryGetById::test_get_by_id_super_admin_can_access_any PASSED [  9%]
tests/core/test_tenant_query.py::TestValidateTenantAccess::test_validate_tenant_access_own_tenant_success PASSED [  9%]
tests/core/test_tenant_query.py::TestValidateTenantAccess::test_validate_tenant_access_other_tenant_raises_error PASSED [ 10%]
tests/core/test_tenant_query.py::TestValidateTenantAccess::test_validate_tenant_access_super_admin_any_tenant PASSED [ 10%]
tests/core/test_tenant_query.py::TestGetTenantFilter::test_get_tenant_filter_regular_user PASSED [ 10%]
tests/core/test_tenant_query.py::TestGetTenantFilter::test_get_tenant_filter_super_admin PASSED [ 10%]
tests/core/test_tenant_query.py::TestTenantQueryConvenienceFunction::test_tenant_query_returns_filtered_query PASSED [ 10%]
tests/core/test_tenant_query.py::TestTenantQueryConvenienceFunction::test_tenant_query_super_admin_returns_all PASSED [ 11%]
tests/core/test_tenant_query.py::TestTenantIsolationIntegration::test_user_cannot_query_other_tenant_users PASSED [ 11%]
tests/core/test_tenant_query.py::TestTenantIsolationIntegration::test_org_admin_cannot_access_other_tenant PASSED [ 11%]
tests/core/test_tenant_query.py::TestTenantIsolationIntegration::test_cross_tenant_data_leak_prevention PASSED [ 11%]
tests/core/test_tenant_query.py::TestTenantQueryWithOrganizations::test_super_admin_can_list_all_organizations PASSED [ 12%]
tests/core/test_tenant_query.py::TestTenantQueryWithOrganizations::test_regular_user_cannot_list_other_organizations PASSED [ 12%]
tests/middleware/test_auth_middleware.py::TestAuthMiddleware::test_request_id_header_added PASSED [ 12%]
tests/middleware/test_auth_middleware.py::TestAuthMiddleware::test_process_time_header_added PASSED [ 12%]
tests/middleware/test_auth_middleware.py::TestAuthMiddleware::test_public_paths_accessible_without_auth PASSED [ 12%]
tests/middleware/test_auth_middleware.py::TestAuthMiddleware::test_protected_paths_require_auth PASSED [ 13%]
tests/middleware/test_auth_middleware.py::TestAuthMiddleware::test_valid_token_allows_access PASSED [ 13%]
tests/middleware/test_auth_middleware.py::TestAuthMiddleware::test_invalid_token_returns_401 PASSED [ 13%]
tests/middleware/test_auth_middleware.py::TestAuthMiddleware::test_malformed_auth_header_returns_401 PASSED [ 13%]
tests/middleware/test_auth_middleware.py::TestAuthMiddleware::test_expired_token_returns_401 PASSED [ 14%]
tests/middleware/test_auth_middleware.py::TestSecurityHeadersMiddleware::test_x_content_type_options_header PASSED [ 14%]
tests/middleware/test_auth_middleware.py::TestSecurityHeadersMiddleware::test_x_frame_options_header PASSED [ 14%]
tests/middleware/test_auth_middleware.py::TestSecurityHeadersMiddleware::test_x_xss_protection_header PASSED [ 14%]
tests/middleware/test_auth_middleware.py::TestSecurityHeadersMiddleware::test_referrer_policy_header PASSED [ 14%]
tests/middleware/test_auth_middleware.py::TestSecurityHeadersMiddleware::test_content_security_policy_header PASSED [ 15%]
tests/middleware/test_auth_middleware.py::TestRateLimitMiddleware::test_normal_requests_allowed PASSED [ 15%]
tests/middleware/test_auth_middleware.py::TestRateLimitMiddleware::test_login_endpoint_rate_limiting PASSED [ 15%]
tests/middleware/test_auth_middleware.py::TestMiddlewareIntegration::test_all_middlewares_work_together PASSED [ 15%]
tests/middleware/test_auth_middleware.py::TestMiddlewareIntegration::test_middleware_with_cors_preflight PASSED [ 15%]
tests/middleware/test_auth_middleware.py::TestMiddlewareIntegration::test_health_check_not_logged PASSED [ 16%]
tests/middleware/test_auth_middleware.py::TestMiddlewareErrorHandling::test_invalid_json_returns_error PASSED [ 16%]
tests/middleware/test_auth_middleware.py::TestMiddlewareErrorHandling::test_missing_content_type_handled PASSED [ 16%]
tests/middleware/test_auth_middleware.py::TestMiddlewareWithDifferentRoles::test_super_admin_access PASSED [ 16%]
tests/middleware/test_auth_middleware.py::TestMiddlewareWithDifferentRoles::test_org_admin_access PASSED [ 17%]
tests/middleware/test_auth_middleware.py::TestMiddlewareWithDifferentRoles::test_analyst_access PASSED [ 17%]
tests/middleware/test_auth_middleware.py::TestMiddlewareWithDifferentRoles::test_read_only_access PASSED [ 17%]
tests/models/test_models.py::TestRoleEnum::test_role_has_super_admin PASSED [ 17%]
tests/models/test_models.py::TestRoleEnum::test_role_has_org_admin PASSED [ 17%]
tests/models/test_models.py::TestRoleEnum::test_role_has_security_analyst PASSED [ 18%]
tests/models/test_models.py::TestRoleEnum::test_role_has_read_only PASSED [ 18%]
tests/models/test_models.py::TestRoleEnum::test_role_count PASSED        [ 18%]
tests/models/test_models.py::TestRoleEnum::test_role_is_string_enum PASSED [ 18%]
tests/models/test_models.py::TestRoleEnum::test_role_can_be_created_from_string PASSED [ 19%]
tests/models/test_models.py::TestUserModel::test_user_creation PASSED    [ 19%]
tests/models/test_models.py::TestUserModel::test_user_default_role PASSED [ 19%]
tests/models/test_models.py::TestUserModel::test_user_default_is_active PASSED [ 19%]
tests/models/test_models.py::TestUserModel::test_user_default_is_locked PASSED [ 19%]
tests/models/test_models.py::TestUserModel::test_user_default_failed_attempts PASSED [ 20%]
tests/models/test_models.py::TestUserModel::test_user_default_token_version PASSED [ 20%]
tests/models/test_models.py::TestUserModel::test_user_is_authenticated_property PASSED [ 20%]
tests/models/test_models.py::TestUserModel::test_user_lock_account PASSED [ 20%]
tests/models/test_models.py::TestUserModel::test_user_unlock_account PASSED [ 21%]
tests/models/test_models.py::TestUserModel::test_user_increment_failed_attempts PASSED [ 21%]
tests/models/test_models.py::TestUserModel::test_user_increment_failed_attempts_locks_at_max PASSED [ 21%]
tests/models/test_models.py::TestUserModel::test_user_reset_failed_attempts PASSED [ 21%]
tests/models/test_models.py::TestUserModel::test_user_invalidate_tokens PASSED [ 21%]
tests/models/test_models.py::TestUserModel::test_user_to_dict PASSED     [ 22%]
tests/models/test_models.py::TestUserModel::test_user_repr PASSED        [ 22%]
tests/models/test_models.py::TestUserModel::test_user_organization_relationship PASSED [ 22%]
tests/models/test_models.py::TestUserModel::test_user_created_at_auto_set PASSED [ 22%]
tests/models/test_models.py::TestUserModel::test_user_updated_at_auto_set PASSED [ 22%]
tests/models/test_models.py::TestOrganizationModel::test_organization_creation PASSED [ 23%]
tests/models/test_models.py::TestOrganizationModel::test_organization_unique_name PASSED [ 23%]
tests/models/test_models.py::TestOrganizationModel::test_organization_user_count PASSED [ 23%]
tests/models/test_models.py::TestOrganizationModel::test_organization_to_dict PASSED [ 23%]
tests/models/test_models.py::TestOrganizationModel::test_organization_repr PASSED [ 24%]
tests/models/test_models.py::TestOrganizationModel::test_organization_users_relationship PASSED [ 24%]
tests/models/test_models.py::TestOrganizationModel::test_organization_created_at_auto_set PASSED [ 24%]
tests/models/test_models.py::TestOrganizationModel::test_organization_updated_at_auto_set PASSED [ 24%]
tests/models/test_models.py::TestUserOrganizationRelationship::test_user_belongs_to_organization PASSED [ 24%]
tests/models/test_models.py::TestUserOrganizationRelationship::test_organization_has_users PASSED [ 25%]
tests/models/test_models.py::TestUserOrganizationRelationship::test_multiple_users_in_organization PASSED [ 25%]
tests/models/test_models.py::TestUserOrganizationRelationship::test_cascade_delete_users_on_organization_delete PASSED [ 25%]
tests/models/test_models.py::TestUserModelValidation::test_user_email_required PASSED [ 25%]
tests/models/test_models.py::TestUserModelValidation::test_user_tenant_id_required PASSED [ 26%]
tests/models/test_models.py::TestUserModelValidation::test_user_email_unique PASSED [ 26%]
tests/models/test_models.py::TestOrganizationModelValidation::test_organization_name_required PASSED [ 26%]
tests/routes/test_admin_routes.py::TestAdminDashboardEndpoint::test_dashboard_super_admin_access PASSED [ 26%]
tests/routes/test_admin_routes.py::TestAdminDashboardEndpoint::test_dashboard_org_admin_denied PASSED [ 26%]
tests/routes/test_admin_routes.py::TestAdminDashboardEndpoint::test_dashboard_analyst_denied PASSED [ 27%]
tests/routes/test_admin_routes.py::TestAdminDashboardEndpoint::test_dashboard_read_only_denied PASSED [ 27%]
tests/routes/test_admin_routes.py::TestAdminDashboardEndpoint::test_dashboard_unauthenticated_denied PASSED [ 27%]
tests/routes/test_admin_routes.py::TestListUsersEndpoint::test_list_users_super_admin_success PASSED [ 27%]
tests/routes/test_admin_routes.py::TestListUsersEndpoint::test_list_users_pagination PASSED [ 28%]
tests/routes/test_admin_routes.py::TestListUsersEndpoint::test_list_users_filter_by_role PASSED [ 28%]
tests/routes/test_admin_routes.py::TestListUsersEndpoint::test_list_users_filter_by_active_status PASSED [ 28%]
tests/routes/test_admin_routes.py::TestListUsersEndpoint::test_list_users_org_admin_denied PASSED [ 28%]
tests/routes/test_admin_routes.py::TestGetUserEndpoint::test_get_user_success PASSED [ 28%]
tests/routes/test_admin_routes.py::TestGetUserEndpoint::test_get_user_not_found PASSED [ 29%]
tests/routes/test_admin_routes.py::TestGetUserEndpoint::test_get_user_invalid_id PASSED [ 29%]
tests/routes/test_admin_routes.py::TestUpdateUserEndpoint::test_update_user_email PASSED [ 29%]
tests/routes/test_admin_routes.py::TestUpdateUserEndpoint::test_update_user_role PASSED [ 29%]
tests/routes/test_admin_routes.py::TestUpdateUserEndpoint::test_update_user_active_status PASSED [ 29%]
tests/routes/test_admin_routes.py::TestUpdateUserEndpoint::test_update_user_duplicate_email PASSED [ 30%]
tests/routes/test_admin_routes.py::TestUpdateUserEndpoint::test_update_user_not_found PASSED [ 30%]
tests/routes/test_admin_routes.py::TestUpdateUserEndpoint::test_update_user_org_admin_denied PASSED [ 30%]
tests/routes/test_admin_routes.py::TestUnlockUserEndpoint::test_unlock_locked_user PASSED [ 30%]
tests/routes/test_admin_routes.py::TestUnlockUserEndpoint::test_unlock_already_unlocked_user PASSED [ 31%]
tests/routes/test_admin_routes.py::TestUnlockUserEndpoint::test_unlock_user_not_found PASSED [ 31%]
tests/routes/test_admin_routes.py::TestUnlockUserEndpoint::test_unlock_user_org_admin_denied PASSED [ 31%]
tests/routes/test_admin_routes.py::TestListOrganizationsEndpoint::test_list_organizations_success PASSED [ 31%]
tests/routes/test_admin_routes.py::TestListOrganizationsEndpoint::test_list_organizations_pagination PASSED [ 31%]
tests/routes/test_admin_routes.py::TestListOrganizationsEndpoint::test_list_organizations_org_admin_denied PASSED [ 32%]
tests/routes/test_admin_routes.py::TestGetOrganizationEndpoint::test_get_organization_success PASSED [ 32%]
tests/routes/test_admin_routes.py::TestGetOrganizationEndpoint::test_get_organization_not_found PASSED [ 32%]
tests/routes/test_admin_routes.py::TestAdminEndpointsAuthorization::test_all_admin_endpoints_require_super_admin PASSED [ 32%]
tests/routes/test_admin_routes.py::TestAdminEndpointsAuthorization::test_all_admin_endpoints_require_authentication PASSED [ 33%]
tests/routes/test_admin_routes.py::TestAdminDashboardStatistics::test_dashboard_shows_correct_user_count PASSED [ 33%]
tests/routes/test_admin_routes.py::TestAdminDashboardStatistics::test_dashboard_shows_correct_organization_count PASSED [ 33%]
tests/routes/test_admin_routes.py::TestAdminDashboardStatistics::test_dashboard_shows_locked_users_count PASSED [ 33%]
tests/routes/test_auth_routes.py::TestLoginEndpoint::test_login_success PASSED [ 33%]
tests/routes/test_auth_routes.py::TestLoginEndpoint::test_login_invalid_email PASSED [ 34%]
tests/routes/test_auth_routes.py::TestLoginEndpoint::test_login_invalid_password PASSED [ 34%]
tests/routes/test_auth_routes.py::TestLoginEndpoint::test_login_locked_account PASSED [ 34%]
tests/routes/test_auth_routes.py::TestLoginEndpoint::test_login_disabled_account PASSED [ 34%]
tests/routes/test_auth_routes.py::TestLoginEndpoint::test_login_missing_fields PASSED [ 35%]
tests/routes/test_auth_routes.py::TestLoginEndpoint::test_login_invalid_email_format PASSED [ 35%]
tests/routes/test_auth_routes.py::TestLoginEndpoint::test_login_case_insensitive_email PASSED [ 35%]
tests/routes/test_auth_routes.py::TestRefreshTokenEndpoint::test_refresh_success PASSED [ 35%]
tests/routes/test_auth_routes.py::TestRefreshTokenEndpoint::test_refresh_with_invalid_token PASSED [ 35%]
tests/routes/test_auth_routes.py::TestRefreshTokenEndpoint::test_refresh_with_access_token_fails PASSED [ 36%]
tests/routes/test_auth_routes.py::TestRefreshTokenEndpoint::test_refresh_missing_token PASSED [ 36%]
tests/routes/test_auth_routes.py::TestLogoutEndpoint::test_logout_success PASSED [ 36%]
tests/routes/test_auth_routes.py::TestLogoutEndpoint::test_logout_without_auth PASSED [ 36%]
tests/routes/test_auth_routes.py::TestLogoutEndpoint::test_logout_invalidates_tokens PASSED [ 36%]
tests/routes/test_auth_routes.py::TestVerifyTokenEndpoint::test_verify_valid_token PASSED [ 37%]
tests/routes/test_auth_routes.py::TestVerifyTokenEndpoint::test_verify_without_token PASSED [ 37%]
tests/routes/test_auth_routes.py::TestVerifyTokenEndpoint::test_verify_invalid_token PASSED [ 37%]
tests/routes/test_auth_routes.py::TestMeEndpoint::test_me_success PASSED [ 37%]
tests/routes/test_auth_routes.py::TestMeEndpoint::test_me_without_auth PASSED [ 38%]
tests/routes/test_auth_routes.py::TestMeEndpoint::test_me_returns_correct_role PASSED [ 38%]
tests/routes/test_auth_routes.py::TestAuthFlowIntegration::test_complete_login_logout_flow PASSED [ 38%]
tests/routes/test_auth_routes.py::TestAuthFlowIntegration::test_login_increments_failed_attempts PASSED [ 38%]
tests/routes/test_auth_routes.py::TestAuthFlowIntegration::test_successful_login_resets_failed_attempts PASSED [ 38%]
tests/routes/test_auth_routes.py::TestAuthWithDifferentRoles::test_super_admin_login PASSED [ 39%]
tests/routes/test_auth_routes.py::TestAuthWithDifferentRoles::test_org_admin_login PASSED [ 39%]
tests/routes/test_auth_routes.py::TestAuthWithDifferentRoles::test_analyst_login PASSED [ 39%]
tests/routes/test_protected_routes.py::TestAuthenticationRequirement::test_auth_me_requires_authentication PASSED [ 39%]
tests/routes/test_protected_routes.py::TestAuthenticationRequirement::test_auth_verify_requires_authentication PASSED [ 40%]
tests/routes/test_protected_routes.py::TestAuthenticationRequirement::test_auth_logout_requires_authentication PASSED [ 40%]
tests/routes/test_protected_routes.py::TestAuthenticationRequirement::test_admin_dashboard_requires_authentication PASSED [ 40%]
tests/routes/test_protected_routes.py::TestAuthenticationRequirement::test_admin_users_requires_authentication PASSED [ 40%]
tests/routes/test_protected_routes.py::TestTokenValidation::test_invalid_token_returns_401 PASSED [ 40%]
tests/routes/test_protected_routes.py::TestTokenValidation::test_malformed_authorization_header_returns_401 PASSED [ 41%]
tests/routes/test_protected_routes.py::TestTokenValidation::test_missing_bearer_prefix_returns_401 PASSED [ 41%]
tests/routes/test_protected_routes.py::TestTokenValidation::test_expired_token_returns_401 PASSED [ 41%]
tests/routes/test_protected_routes.py::TestTokenValidation::test_valid_token_allows_access PASSED [ 41%]
tests/routes/test_protected_routes.py::TestRoleBasedAccess::test_read_only_user_can_access_me PASSED [ 42%]
tests/routes/test_protected_routes.py::TestRoleBasedAccess::test_read_only_user_cannot_access_admin_dashboard PASSED [ 42%]
tests/routes/test_protected_routes.py::TestRoleBasedAccess::test_analyst_cannot_access_admin_dashboard PASSED [ 42%]
tests/routes/test_protected_routes.py::TestRoleBasedAccess::test_org_admin_cannot_access_admin_dashboard PASSED [ 42%]
tests/routes/test_protected_routes.py::TestRoleBasedAccess::test_super_admin_can_access_admin_dashboard PASSED [ 42%]
tests/routes/test_protected_routes.py::TestLockedAccountAccess::test_locked_user_cannot_access_protected_routes PASSED [ 43%]
tests/routes/test_protected_routes.py::TestDisabledAccountAccess::test_disabled_user_cannot_access_protected_routes PASSED [ 43%]
tests/routes/test_protected_routes.py::TestTokenVersionValidation::test_old_token_version_invalidated PASSED [ 43%]
tests/routes/test_protected_routes.py::TestPublicRoutes::test_health_check_is_public PASSED [ 43%]
tests/routes/test_protected_routes.py::TestPublicRoutes::test_root_is_public PASSED [ 43%]
tests/routes/test_protected_routes.py::TestPublicRoutes::test_login_is_public PASSED [ 44%]
tests/routes/test_protected_routes.py::TestPublicRoutes::test_info_is_public PASSED [ 44%]
tests/routes/test_protected_routes.py::TestProtectedRouteResponses::test_401_response_format PASSED [ 44%]
tests/routes/test_protected_routes.py::TestProtectedRouteResponses::test_403_response_format PASSED [ 44%]
tests/routes/test_protected_routes.py::TestProtectedRouteResponses::test_200_response_format PASSED [ 45%]
tests/routes/test_protected_routes.py::TestConcurrentSessions::test_multiple_tokens_for_same_user PASSED [ 45%]
tests/routes/test_protected_routes.py::TestConcurrentSessions::test_logout_invalidates_all_sessions PASSED [ 45%]
tests/routes/test_tenant_isolation.py::TestCrossTenantUserAccess::test_user_cannot_access_other_tenant_user PASSED [ 45%]
tests/routes/test_tenant_isolation.py::TestCrossTenantUserAccess::test_org_admin_cannot_access_other_tenant_user PASSED [ 45%]
tests/routes/test_tenant_isolation.py::TestCrossTenantUserAccess::test_super_admin_can_access_any_tenant_user PASSED [ 46%]
tests/routes/test_tenant_isolation.py::TestCrossTenantDataFiltering::test_user_list_filtered_by_tenant PASSED [ 46%]
tests/routes/test_tenant_isolation.py::TestCrossTenantOrganizationAccess::test_super_admin_can_access_any_organization PASSED [ 46%]
tests/routes/test_tenant_isolation.py::TestCrossTenantUpdatePrevention::test_user_cannot_update_other_tenant_user PASSED [ 46%]
tests/routes/test_tenant_isolation.py::TestCrossTenantUpdatePrevention::test_super_admin_can_update_any_tenant_user PASSED [ 47%]
tests/routes/test_tenant_isolation.py::TestCrossTenantUnlockPrevention::test_user_cannot_unlock_other_tenant_user PASSED [ 47%]
tests/routes/test_tenant_isolation.py::TestCrossTenantUnlockPrevention::test_super_admin_can_unlock_any_tenant_user PASSED [ 47%]
tests/routes/test_tenant_isolation.py::TestTenantContextInTokens::test_token_contains_correct_tenant_id PASSED [ 47%]
tests/routes/test_tenant_isolation.py::TestTenantContextInTokens::test_me_endpoint_returns_correct_tenant PASSED [ 47%]
tests/routes/test_tenant_isolation.py::TestTenantIsolationWithMultipleOrgs::test_users_from_different_orgs_have_different_tenants PASSED [ 48%]
tests/routes/test_tenant_isolation.py::TestTenantIsolationWithMultipleOrgs::test_login_returns_correct_tenant_context PASSED [ 48%]
tests/routes/test_tenant_isolation.py::TestTenantIsolationEdgeCases::test_user_with_no_organization_cannot_login PASSED [ 48%]
tests/routes/test_tenant_isolation.py::TestTenantIsolationEdgeCases::test_super_admin_token_works_across_tenants PASSED [ 48%]
tests/routes/test_tenant_isolation.py::TestTenantIsolationEdgeCases::test_regular_user_token_limited_to_own_tenant PASSED [ 49%]
tests/routes/test_tenant_isolation.py::TestTenantIsolationAuditLogging::test_cross_tenant_access_attempt_is_logged PASSED [ 49%]
tests/schemas/test_schemas.py::TestLoginRequest::test_valid_login_request PASSED [ 49%]
tests/schemas/test_schemas.py::TestLoginRequest::test_invalid_email_raises_error PASSED [ 49%]
tests/schemas/test_schemas.py::TestLoginRequest::test_empty_password_raises_error PASSED [ 49%]
tests/schemas/test_schemas.py::TestLoginRequest::test_missing_email_raises_error PASSED [ 50%]
tests/schemas/test_schemas.py::TestLoginRequest::test_missing_password_raises_error PASSED [ 50%]
tests/schemas/test_schemas.py::TestTokenResponse::test_valid_token_response PASSED [ 50%]
tests/schemas/test_schemas.py::TestTokenResponse::test_token_type_defaults_to_bearer PASSED [ 50%]
tests/schemas/test_schemas.py::TestTokenResponse::test_missing_access_token_raises_error PASSED [ 50%]
tests/schemas/test_schemas.py::TestRefreshTokenRequest::test_valid_refresh_token_request PASSED [ 51%]
tests/schemas/test_schemas.py::TestRefreshTokenRequest::test_missing_token_raises_error PASSED [ 51%]
tests/schemas/test_schemas.py::TestLogoutResponse::test_default_message PASSED [ 51%]
tests/schemas/test_schemas.py::TestLogoutResponse::test_custom_message PASSED [ 51%]
tests/schemas/test_schemas.py::TestRegisterRequest::test_valid_register_request PASSED [ 52%]
tests/schemas/test_schemas.py::TestRegisterRequest::test_weak_password_raises_error PASSED [ 52%]
tests/schemas/test_schemas.py::TestRegisterRequest::test_password_without_uppercase_raises_error PASSED [ 52%]
tests/schemas/test_schemas.py::TestRegisterRequest::test_password_without_lowercase_raises_error PASSED [ 52%]
tests/schemas/test_schemas.py::TestRegisterRequest::test_password_without_digit_raises_error PASSED [ 52%]
tests/schemas/test_schemas.py::TestRegisterRequest::test_password_without_special_char_raises_error PASSED [ 53%]
tests/schemas/test_schemas.py::TestRegisterRequest::test_short_organization_name_raises_error PASSED [ 53%]
tests/schemas/test_schemas.py::TestRegisterRequest::test_invalid_email_raises_error PASSED [ 53%]
tests/schemas/test_schemas.py::TestUserCreate::test_valid_user_create PASSED [ 53%]
tests/schemas/test_schemas.py::TestUserCreate::test_default_role_is_read_only PASSED [ 54%]
tests/schemas/test_schemas.py::TestUserCreate::test_short_password_raises_error PASSED [ 54%]
tests/schemas/test_schemas.py::TestUserUpdate::test_partial_update_email_only PASSED [ 54%]
tests/schemas/test_schemas.py::TestUserUpdate::test_partial_update_role_only PASSED [ 54%]
tests/schemas/test_schemas.py::TestUserUpdate::test_partial_update_is_active_only PASSED [ 54%]
tests/schemas/test_schemas.py::TestUserUpdate::test_empty_update_is_valid PASSED [ 55%]
tests/schemas/test_schemas.py::TestUserResponse::test_valid_user_response PASSED [ 55%]
tests/schemas/test_schemas.py::TestPasswordChangeRequest::test_valid_password_change PASSED [ 55%]
tests/schemas/test_schemas.py::TestPasswordChangeRequest::test_short_new_password_raises_error PASSED [ 55%]
tests/schemas/test_schemas.py::TestPasswordResetRequest::test_valid_password_reset_request PASSED [ 56%]
tests/schemas/test_schemas.py::TestPasswordResetRequest::test_invalid_email_raises_error PASSED [ 56%]
tests/schemas/test_schemas.py::TestPasswordResetConfirm::test_valid_password_reset_confirm PASSED [ 56%]
tests/schemas/test_schemas.py::TestPasswordResetConfirm::test_short_password_raises_error PASSED [ 56%]
tests/schemas/test_schemas.py::TestOrganizationCreate::test_valid_organization_create PASSED [ 56%]
tests/schemas/test_schemas.py::TestOrganizationCreate::test_empty_name_raises_error PASSED [ 57%]
tests/schemas/test_schemas.py::TestOrganizationUpdate::test_partial_update_name_only PASSED [ 57%]
tests/schemas/test_schemas.py::TestOrganizationUpdate::test_empty_update_is_valid PASSED [ 57%]
tests/schemas/test_schemas.py::TestOrganizationResponse::test_valid_organization_response PASSED [ 57%]
tests/schemas/test_schemas.py::TestTenantContext::test_valid_tenant_context PASSED [ 57%]
tests/schemas/test_schemas.py::TestErrorResponse::test_valid_error_response PASSED [ 58%]
tests/schemas/test_schemas.py::TestErrorResponse::test_error_response_without_details PASSED [ 58%]
tests/schemas/test_schemas.py::TestTokenPayload::test_valid_token_payload PASSED [ 58%]
tests/schemas/test_schemas.py::TestSchemaEdgeCases::test_email_normalization PASSED [ 58%]
tests/schemas/test_schemas.py::TestSchemaEdgeCases::test_long_password_accepted PASSED [ 59%]
tests/schemas/test_schemas.py::TestSchemaEdgeCases::test_special_characters_in_organization_name PASSED [ 59%]
tests/schemas/test_schemas.py::TestSchemaEdgeCases::test_unicode_in_fields PASSED [ 59%]
tests/services/test_auth_service.py::TestPasswordHashing::test_hash_password_returns_string PASSED [ 59%]
tests/services/test_auth_service.py::TestPasswordHashing::test_hash_password_creates_different_hashes PASSED [ 59%]
tests/services/test_auth_service.py::TestPasswordHashing::test_verify_password_correct PASSED [ 60%]
tests/services/test_auth_service.py::TestPasswordHashing::test_verify_password_incorrect PASSED [ 60%]
tests/services/test_auth_service.py::TestPasswordHashing::test_verify_password_empty PASSED [ 60%]
tests/services/test_auth_service.py::TestAccessTokenCreation::test_create_access_token_returns_string PASSED [ 60%]
tests/services/test_auth_service.py::TestAccessTokenCreation::test_create_access_token_contains_correct_payload PASSED [ 61%]
tests/services/test_auth_service.py::TestAccessTokenCreation::test_create_access_token_with_custom_expiry PASSED [ 61%]
tests/services/test_auth_service.py::TestRefreshTokenCreation::test_create_refresh_token_returns_string PASSED [ 61%]
tests/services/test_auth_service.py::TestRefreshTokenCreation::test_create_refresh_token_contains_correct_type PASSED [ 61%]
tests/services/test_auth_service.py::TestRefreshTokenCreation::test_refresh_and_access_tokens_are_different PASSED [ 61%]
tests/services/test_auth_service.py::TestTokenDecoding::test_decode_valid_token PASSED [ 62%]
tests/services/test_auth_service.py::TestTokenDecoding::test_decode_token_with_expected_type_success PASSED [ 62%]
tests/services/test_auth_service.py::TestTokenDecoding::test_decode_token_with_wrong_expected_type_raises_error PASSED [ 62%]
tests/services/test_auth_service.py::TestTokenDecoding::test_decode_invalid_token_raises_error PASSED [ 62%]
tests/services/test_auth_service.py::TestTokenDecoding::test_decode_malformed_token_raises_error PASSED [ 63%]
tests/services/test_auth_service.py::TestGetTokensForUser::test_get_tokens_for_user_returns_dict PASSED [ 63%]
tests/services/test_auth_service.py::TestGetTokensForUser::test_get_tokens_for_user_contains_valid_tokens PASSED [ 63%]
tests/services/test_auth_service.py::TestAuthenticateUser::test_authenticate_user_success PASSED [ 63%]
tests/services/test_auth_service.py::TestAuthenticateUser::test_authenticate_user_invalid_email PASSED [ 63%]
tests/services/test_auth_service.py::TestAuthenticateUser::test_authenticate_user_invalid_password PASSED [ 64%]
tests/services/test_auth_service.py::TestAuthenticateUser::test_authenticate_user_locked_account PASSED [ 64%]
tests/services/test_auth_service.py::TestAuthenticateUser::test_authenticate_user_disabled_account PASSED [ 64%]
tests/services/test_auth_service.py::TestAuthenticateUser::test_authenticate_user_increments_failed_attempts PASSED [ 64%]
tests/services/test_auth_service.py::TestAuthenticateUser::test_authenticate_user_resets_failed_attempts_on_success PASSED [ 64%]
tests/services/test_auth_service.py::TestRefreshTokens::test_refresh_tokens_success PASSED [ 65%]
tests/services/test_auth_service.py::TestRefreshTokens::test_refresh_tokens_invalid_token PASSED [ 65%]
tests/services/test_auth_service.py::TestRefreshTokens::test_refresh_tokens_with_access_token_fails PASSED [ 65%]
tests/services/test_auth_service.py::TestRefreshTokens::test_refresh_tokens_locked_account PASSED [ 65%]
tests/services/test_auth_service.py::TestRefreshTokens::test_refresh_tokens_disabled_account PASSED [ 66%]
tests/services/test_auth_service.py::TestTokenVersionValidation::test_token_version_mismatch_raises_error PASSED [ 66%]
tests/services/test_auth_service.py::TestTokenVersionValidation::test_logout_increments_token_version PASSED [ 66%]
tests/services/test_auth_service.py::TestLogout::test_logout_increments_token_version PASSED [ 66%]
tests/services/test_auth_service.py::TestLogout::test_logout_invalidates_old_tokens PASSED [ 66%]
tests/services/test_auth_service.py::TestValidateAccessToken::test_validate_access_token_success PASSED [ 67%]
tests/services/test_auth_service.py::TestValidateAccessToken::test_validate_access_token_invalid PASSED [ 67%]
tests/services/test_auth_service.py::TestValidateAccessToken::test_validate_access_token_expired PASSED [ 67%]
tests/services/test_auth_service.py::TestValidateAccessToken::test_validate_access_token_locked_user PASSED [ 67%]
tests/services/test_auth_service.py::TestValidateAccessToken::test_validate_access_token_disabled_user PASSED [ 68%]
tests/week_1/test_a1_ingestion.py::TestEmailEventSchema::test_valid_email_event PASSED [ 68%]
tests/week_1/test_a1_ingestion.py::TestEmailEventSchema::test_missing_class_uid_raises PASSED [ 68%]
tests/week_1/test_a1_ingestion.py::TestEmailEventSchema::test_missing_severity_id_raises PASSED [ 68%]
tests/week_1/test_a1_ingestion.py::TestEmailEventSchema::test_missing_time_raises PASSED [ 68%]
tests/week_1/test_a1_ingestion.py::TestEmailEventSchema::test_missing_src_user_raises PASSED [ 69%]
tests/week_1/test_a1_ingestion.py::TestEmailEventSchema::test_missing_dst_user_raises PASSED [ 69%]
tests/week_1/test_a1_ingestion.py::TestEmailEventSchema::test_missing_subject_raises PASSED [ 69%]
tests/week_1/test_a1_ingestion.py::TestEmailEventSchema::test_missing_ip_address_raises PASSED [ 69%]
tests/week_1/test_a1_ingestion.py::TestEmailEventSchema::test_invalid_class_uid_type_raises PASSED [ 70%]
tests/week_1/test_a1_ingestion.py::TestEmailEventSchema::test_invalid_time_type_raises PASSED [ 70%]
tests/week_1/test_a1_ingestion.py::TestEmailEventSchema::test_empty_payload_raises PASSED [ 70%]
tests/week_1/test_a1_ingestion.py::TestEmailEventSchema::test_email_event_serialization PASSED [ 70%]
tests/week_1/test_a1_ingestion.py::TestPodBClient::test_analyze_with_pod_b_success PASSED [ 70%]
tests/week_1/test_a1_ingestion.py::TestPodBClient::test_analyze_with_pod_b_converts_datetime PASSED [ 71%]
tests/week_1/test_a1_ingestion.py::TestPodBClient::test_analyze_with_pod_b_raises_on_http_error PASSED [ 71%]
tests/week_1/test_a1_ingestion.py::TestIncidentModel::test_incident_creation PASSED [ 71%]
tests/week_1/test_a1_ingestion.py::TestIncidentModel::test_incident_default_status PASSED [ 71%]
tests/week_1/test_a1_ingestion.py::TestIncidentModel::test_incident_uuid_auto_generated PASSED [ 71%]
tests/week_1/test_a1_ingestion.py::TestIncidentModel::test_incident_created_at_auto_set PASSED [ 72%]
tests/week_1/test_a1_ingestion.py::TestIncidentModel::test_incident_nullable_fields PASSED [ 72%]
tests/week_1/test_a1_ingestion.py::TestIncidentModel::test_incident_verdict_storage PASSED [ 72%]
tests/week_1/test_a1_ingestion.py::TestIngestionEndpoint::test_ingest_valid_event_returns_200 PASSED [ 72%]
tests/week_1/test_a1_ingestion.py::TestIngestionEndpoint::test_ingest_stores_incident_in_db PASSED [ 73%]
tests/week_1/test_a1_ingestion.py::TestIngestionEndpoint::test_ingest_stores_verdict_from_pod_b PASSED [ 73%]
tests/week_1/test_a1_ingestion.py::TestIngestionEndpoint::test_ingest_calls_pod_b_with_event_data PASSED [ 73%]
tests/week_1/test_a1_ingestion.py::TestIngestionEndpoint::test_ingest_missing_required_field_returns_422 PASSED [ 73%]
tests/week_1/test_a1_ingestion.py::TestIngestionEndpoint::test_ingest_empty_payload_returns_422 PASSED [ 73%]
tests/week_1/test_a1_ingestion.py::TestIngestionEndpoint::test_ingest_invalid_time_format_returns_422 PASSED [ 74%]
tests/week_1/test_a1_ingestion.py::TestIngestionEndpoint::test_ingest_invalid_class_uid_type_returns_422 PASSED [ 74%]
tests/week_1/test_a2_incident_schema.py::TestIncidentStatusEnum::test_open_status_exists PASSED [ 74%]
tests/week_1/test_a2_incident_schema.py::TestIncidentStatusEnum::test_review_status_exists PASSED [ 74%]
tests/week_1/test_a2_incident_schema.py::TestIncidentStatusEnum::test_closed_status_exists PASSED [ 75%]
tests/week_1/test_a2_incident_schema.py::TestIncidentStatusEnum::test_enum_has_exactly_three_states PASSED [ 75%]
tests/week_1/test_a2_incident_schema.py::TestIncidentStatusEnum::test_enum_values_are_strings PASSED [ 75%]
tests/week_1/test_a2_incident_schema.py::TestIncidentStatusEnum::test_enum_is_str_subclass PASSED [ 75%]
tests/week_1/test_a2_incident_schema.py::TestLifecycleTransitions::test_valid_transitions_mapping_exists PASSED [ 75%]
tests/week_1/test_a2_incident_schema.py::TestLifecycleTransitions::test_open_to_review_allowed PASSED [ 76%]
tests/week_1/test_a2_incident_schema.py::TestLifecycleTransitions::test_review_to_closed_allowed PASSED [ 76%]
tests/week_1/test_a2_incident_schema.py::TestLifecycleTransitions::test_open_to_closed_rejected PASSED [ 76%]
tests/week_1/test_a2_incident_schema.py::TestLifecycleTransitions::test_closed_to_open_rejected PASSED [ 76%]
tests/week_1/test_a2_incident_schema.py::TestLifecycleTransitions::test_closed_to_review_rejected PASSED [ 77%]
tests/week_1/test_a2_incident_schema.py::TestLifecycleTransitions::test_review_to_open_rejected PASSED [ 77%]
tests/week_1/test_a2_incident_schema.py::TestLifecycleTransitions::test_same_state_transition_rejected PASSED [ 77%]
tests/week_1/test_a2_incident_schema.py::TestLifecycleTransitions::test_invalid_current_status_rejected PASSED [ 77%]
tests/week_1/test_a2_incident_schema.py::TestLifecycleTransitions::test_closed_has_no_valid_transitions PASSED [ 77%]
tests/week_1/test_a2_incident_schema.py::TestIncidentModelSchema::test_incident_table_name PASSED [ 78%]
tests/week_1/test_a2_incident_schema.py::TestIncidentModelSchema::test_incident_has_id_column PASSED [ 78%]
tests/week_1/test_a2_incident_schema.py::TestIncidentModelSchema::test_incident_has_src_user_column PASSED [ 78%]
tests/week_1/test_a2_incident_schema.py::TestIncidentModelSchema::test_incident_has_dst_user_column PASSED [ 78%]
tests/week_1/test_a2_incident_schema.py::TestIncidentModelSchema::test_incident_has_subject_column PASSED [ 78%]
tests/week_1/test_a2_incident_schema.py::TestIncidentModelSchema::test_incident_has_ip_address_column PASSED [ 79%]
tests/week_1/test_a2_incident_schema.py::TestIncidentModelSchema::test_incident_has_status_column PASSED [ 79%]
tests/week_1/test_a2_incident_schema.py::TestIncidentModelSchema::test_incident_has_risk_score_column PASSED [ 79%]
tests/week_1/test_a2_incident_schema.py::TestIncidentModelSchema::test_incident_has_classification_column PASSED [ 79%]
tests/week_1/test_a2_incident_schema.py::TestIncidentModelSchema::test_incident_has_explanation_column PASSED [ 80%]
tests/week_1/test_a2_incident_schema.py::TestIncidentModelSchema::test_incident_has_created_at_column PASSED [ 80%]
tests/week_1/test_a2_incident_schema.py::TestIncidentModelSchema::test_incident_has_processed_at_column PASSED [ 80%]
tests/week_1/test_a2_incident_schema.py::TestSecurityEventModelSchema::test_security_event_table_name PASSED [ 80%]
tests/week_1/test_a2_incident_schema.py::TestSecurityEventModelSchema::test_security_event_has_id PASSED [ 80%]
tests/week_1/test_a2_incident_schema.py::TestSecurityEventModelSchema::test_security_event_has_tenant_id PASSED [ 81%]
tests/week_1/test_a2_incident_schema.py::TestSecurityEventModelSchema::test_security_event_has_status PASSED [ 81%]
tests/week_1/test_a2_incident_schema.py::TestSecurityEventModelSchema::test_security_event_has_created_at PASSED [ 81%]
tests/week_1/test_a2_incident_schema.py::TestSecurityEventModelSchema::test_security_event_has_sla_due_at PASSED [ 81%]
tests/week_1/test_a2_incident_schema.py::TestSecurityEventModelSchema::test_security_event_has_first_response_at PASSED [ 82%]
tests/week_1/test_a2_incident_schema.py::TestSecurityEventModelSchema::test_security_event_has_closed_at PASSED [ 82%]
tests/week_1/test_a2_incident_schema.py::TestSecurityEventModelSchema::test_security_event_has_sla_breached PASSED [ 82%]
tests/week_1/test_a2_incident_schema.py::TestSLACalculation::test_sla_hours_mapping_exists PASSED [ 82%]
tests/week_1/test_a2_incident_schema.py::TestSLACalculation::test_critical_sla_is_2_hours PASSED [ 82%]
tests/week_1/test_a2_incident_schema.py::TestSLACalculation::test_high_sla_is_8_hours PASSED [ 83%]
tests/week_1/test_a2_incident_schema.py::TestSLACalculation::test_medium_sla_is_24_hours PASSED [ 83%]
tests/week_1/test_a2_incident_schema.py::TestSLACalculation::test_low_sla_is_48_hours PASSED [ 83%]
tests/week_1/test_a2_incident_schema.py::TestSLACalculation::test_calculate_sla_due_critical PASSED [ 83%]
tests/week_1/test_a2_incident_schema.py::TestSLACalculation::test_calculate_sla_due_high PASSED [ 84%]
tests/week_1/test_a2_incident_schema.py::TestSLACalculation::test_calculate_sla_due_medium PASSED [ 84%]
tests/week_1/test_a2_incident_schema.py::TestSLACalculation::test_calculate_sla_due_low PASSED [ 84%]
tests/week_1/test_a2_incident_schema.py::TestSLACalculation::test_calculate_sla_due_unknown_severity_defaults_to_24h PASSED [ 84%]
tests/week_1/test_a2_incident_schema.py::TestSLACalculation::test_calculate_sla_due_returns_datetime PASSED [ 84%]
tests/week_1/test_a2_incident_schema.py::TestSLABreachDetection::test_open_event_past_due_is_breached PASSED [ 85%]
tests/week_1/test_a2_incident_schema.py::TestSLABreachDetection::test_review_event_past_due_is_breached PASSED [ 85%]
tests/week_1/test_a2_incident_schema.py::TestSLABreachDetection::test_open_event_before_due_is_not_breached PASSED [ 85%]
tests/week_1/test_a2_incident_schema.py::TestSLABreachDetection::test_closed_event_past_due_is_not_breached PASSED [ 85%]
tests/week_1/test_a2_incident_schema.py::TestSLABreachDetection::test_already_breached_event_stays_breached PASSED [ 85%]
tests/week_1/test_a2_incident_schema.py::TestSLABreachDetection::test_event_with_no_sla_due_at_is_not_breached PASSED [ 86%]
tests/week_1/test_a2_incident_schema.py::TestIncidentLifecycleDB::test_incident_status_update_open_to_processing PASSED [ 86%]
tests/week_1/test_a2_incident_schema.py::TestIncidentLifecycleDB::test_incident_status_update_to_review PASSED [ 86%]
tests/week_1/test_a2_incident_schema.py::TestIncidentLifecycleDB::test_multiple_incidents_independent_status PASSED [ 86%]
tests/week_1/test_a3_docker_env.py::TestDockerfile::test_dockerfile_exists PASSED [ 87%]
tests/week_1/test_a3_docker_env.py::TestDockerfile::test_uses_python_base_image PASSED [ 87%]
tests/week_1/test_a3_docker_env.py::TestDockerfile::test_uses_slim_image PASSED [ 87%]
tests/week_1/test_a3_docker_env.py::TestDockerfile::test_sets_workdir PASSED [ 87%]
tests/week_1/test_a3_docker_env.py::TestDockerfile::test_copies_requirements_first PASSED [ 87%]
tests/week_1/test_a3_docker_env.py::TestDockerfile::test_installs_dependencies PASSED [ 88%]
tests/week_1/test_a3_docker_env.py::TestDockerfile::test_exposes_port PASSED [ 88%]
tests/week_1/test_a3_docker_env.py::TestDockerfile::test_has_cmd_or_entrypoint PASSED [ 88%]
tests/week_1/test_a3_docker_env.py::TestDockerfile::test_runs_uvicorn PASSED [ 88%]
tests/week_1/test_a3_docker_env.py::TestDockerfile::test_disables_bytecode PASSED [ 89%]
tests/week_1/test_a3_docker_env.py::TestDockerfile::test_unbuffered_output PASSED [ 89%]
tests/week_1/test_a3_docker_env.py::TestDockerfile::test_installs_libpq PASSED [ 89%]
tests/week_1/test_a3_docker_env.py::TestEnvFiles::test_env_example_exists PASSED [ 89%]
tests/week_1/test_a3_docker_env.py::TestEnvFiles::test_env_example_has_database_url PASSED [ 89%]
tests/week_1/test_a3_docker_env.py::TestEnvFiles::test_env_example_has_secret_key PASSED [ 90%]
tests/week_1/test_a3_docker_env.py::TestEnvFiles::test_env_example_has_algorithm PASSED [ 90%]
tests/week_1/test_a3_docker_env.py::TestEnvFiles::test_env_example_has_access_token_expire PASSED [ 90%]
tests/week_1/test_a3_docker_env.py::TestEnvFiles::test_env_example_has_refresh_token_expire PASSED [ 90%]
tests/week_1/test_a3_docker_env.py::TestEnvFiles::test_env_example_has_environment PASSED [ 91%]
tests/week_1/test_a3_docker_env.py::TestEnvFiles::test_env_example_has_cors_origins PASSED [ 91%]
tests/week_1/test_a3_docker_env.py::TestEnvFiles::test_env_example_has_rate_limit PASSED [ 91%]
tests/week_1/test_a3_docker_env.py::TestEnvFiles::test_env_example_has_log_level PASSED [ 91%]
tests/week_1/test_a3_docker_env.py::TestEnvFiles::test_gitignore_excludes_env PASSED [ 91%]
tests/week_1/test_a3_docker_env.py::TestJWTSecretHandling::test_settings_has_secret_key_field PASSED [ 92%]
tests/week_1/test_a3_docker_env.py::TestJWTSecretHandling::test_settings_has_algorithm_field PASSED [ 92%]
tests/week_1/test_a3_docker_env.py::TestJWTSecretHandling::test_settings_has_access_token_expire PASSED [ 92%]
tests/week_1/test_a3_docker_env.py::TestJWTSecretHandling::test_settings_has_refresh_token_expire PASSED [ 92%]
tests/week_1/test_a3_docker_env.py::TestJWTSecretHandling::test_default_algorithm_is_hs256 PASSED [ 92%]
tests/week_1/test_a3_docker_env.py::TestJWTSecretHandling::test_default_access_token_expire_is_15_minutes PASSED [ 93%]
tests/week_1/test_a3_docker_env.py::TestJWTSecretHandling::test_default_refresh_token_expire_is_7_days PASSED [ 93%]
tests/week_1/test_a3_docker_env.py::TestJWTSecretHandling::test_production_requires_secret_key PASSED [ 93%]
tests/week_1/test_a3_docker_env.py::TestJWTSecretHandling::test_production_requires_long_secret_key PASSED [ 93%]
tests/week_1/test_a3_docker_env.py::TestJWTSecretHandling::test_production_accepts_long_secret_key PASSED [ 94%]
tests/week_1/test_a3_docker_env.py::TestJWTSecretHandling::test_development_auto_generates_secret_key PASSED [ 94%]
tests/week_1/test_a3_docker_env.py::TestJWTSecretHandling::test_settings_has_issuer PASSED [ 94%]
tests/week_1/test_a3_docker_env.py::TestJWTSecretHandling::test_settings_has_audience PASSED [ 94%]
tests/week_1/test_a3_docker_env.py::TestDatabaseConfig::test_settings_has_database_url PASSED [ 94%]
tests/week_1/test_a3_docker_env.py::TestDatabaseConfig::test_settings_has_db_pool_size PASSED [ 95%]
tests/week_1/test_a3_docker_env.py::TestDatabaseConfig::test_settings_has_db_max_overflow PASSED [ 95%]
tests/week_1/test_a3_docker_env.py::TestDatabaseConfig::test_settings_has_db_pool_timeout PASSED [ 95%]
tests/week_1/test_a3_docker_env.py::TestDatabaseConfig::test_settings_has_db_pool_recycle PASSED [ 95%]
tests/week_1/test_a3_docker_env.py::TestDatabaseConfig::test_default_pool_size_is_5 PASSED [ 96%]
tests/week_1/test_a3_docker_env.py::TestDatabaseConfig::test_default_max_overflow_is_10 PASSED [ 96%]
tests/week_1/test_a3_docker_env.py::TestDatabaseConfig::test_database_url_overridable_via_env PASSED [ 96%]
tests/week_1/test_a3_docker_env.py::TestDatabaseConfig::test_settings_loads_from_env_file PASSED [ 96%]
tests/week_1/test_a3_docker_env.py::TestDatabaseConfig::test_settings_case_sensitive PASSED [ 96%]
tests/week_1/test_a3_docker_env.py::TestDatabaseConfig::test_settings_ignores_extra_env_vars PASSED [ 97%]
tests/week_1/test_a3_docker_env.py::TestEnvironmentValidation::test_valid_environments PASSED [ 97%]
tests/week_1/test_a3_docker_env.py::TestEnvironmentValidation::test_invalid_environment_raises PASSED [ 97%]
tests/week_1/test_a3_docker_env.py::TestEnvironmentValidation::test_environment_normalized_to_lowercase PASSED [ 97%]
tests/week_1/test_a3_docker_env.py::TestDockerCompose::test_docker_compose_exists PASSED [ 98%]
tests/week_1/test_a3_docker_env.py::TestDockerCompose::test_defines_database_service PASSED [ 98%]
tests/week_1/test_a3_docker_env.py::TestDockerCompose::test_defines_backend_service PASSED [ 98%]
tests/week_1/test_a3_docker_env.py::TestDockerCompose::test_backend_depends_on_db PASSED [ 98%]
tests/week_1/test_a3_docker_env.py::TestDockerCompose::test_database_uses_volume PASSED [ 98%]
tests/week_1/test_a3_docker_env.py::TestDockerCompose::test_database_has_healthcheck PASSED [ 99%]
tests/week_1/test_a3_docker_env.py::TestDockerCompose::test_backend_uses_env_file PASSED [ 99%]
tests/week_1/test_a3_docker_env.py::TestDockerCompose::test_backend_exposes_port_8000 PASSED [ 99%]
tests/week_1/test_a3_docker_env.py::TestDockerCompose::test_database_port_mapping PASSED [ 99%]
tests/week_1/test_a3_docker_env.py::TestDockerCompose::test_database_url_override_in_compose PASSED [100%]

============================== warnings summary ===============================
tests/core/test_rbac.py: 16 warnings
tests/middleware/test_auth_middleware.py: 24 warnings
tests/routes/test_admin_routes.py: 33 warnings
tests/routes/test_auth_routes.py: 27 warnings
tests/routes/test_protected_routes.py: 27 warnings
tests/routes/test_tenant_isolation.py: 16 warnings
tests/week_1/test_a1_ingestion.py: 8 warnings
  C:\Users\soory\AppData\Local\Programs\Python\Python312\Lib\site-packages\httpx\_client.py:680: DeprecationWarning: The 'app' shortcut is now deprecated. Use the explicit style 'transport=WSGITransport(app=...)' instead.
    warnings.warn(message, DeprecationWarning)

tests/core/test_rbac.py: 15 warnings
tests/middleware/test_auth_middleware.py: 7 warnings
tests/routes/test_admin_routes.py: 31 warnings
tests/routes/test_auth_routes.py: 11 warnings
tests/routes/test_protected_routes.py: 14 warnings
tests/routes/test_tenant_isolation.py: 15 warnings
tests/services/test_auth_service.py: 17 warnings
  C:\Users\soory\AppData\Local\Programs\Python\Python312\Lib\site-packages\jose\jwt.py:311: DeprecationWarning: datetime.datetime.utcnow() is deprecated and scheduled for removal in a future version. Use timezone-aware objects to represent datetimes in UTC: datetime.datetime.now(datetime.UTC).
    now = timegm(datetime.utcnow().utctimetuple())

-- Docs: https://docs.pytest.org/en/stable/how-to/capture-warnings.html
===================== 457 passed, 261 warnings in 18.02s ======================
